<<<<<<<<<<< typescript <<<<<<<<<<<<
/** @model */
type EmailAddress = string & { __brand: "email" };

/** @model */
type UserId = number & { __brand: "userId" };

/** @model */
type PositiveNumber = number & { __brand: "positive" };

/** @model */
interface ValidatedUser {
  email: EmailAddress;
  id: UserId;
  score: PositiveNumber;
}
===================================
// branded-types.ts
alias EmailAddress = {
  toString: {};
  charAt: {};
  charCodeAt: {};
  concat: {};
  indexOf: {};
  lastIndexOf: {};
  localeCompare: {};
  match: {};
  replace: {};
  search: {};
  slice: {};
  split: {};
  substring: {};
  toLowerCase: {};
  toLocaleLowerCase: {};
  toUpperCase: {};
  toLocaleUpperCase: {};
  trim: {};
  length: float64;
  substr: {};
  valueOf: {};
  __brand: "email";
};

alias UserId = {
  toString: {};
  toFixed: {};
  toExponential: {};
  toPrecision: {};
  valueOf: {};
  toLocaleString: {};
  __brand: "userId";
};

alias PositiveNumber = {
  toString: {};
  toFixed: {};
  toExponential: {};
  toPrecision: {};
  valueOf: {};
  toLocaleString: {};
  __brand: "positive";
};

model ValidatedUser {
  email: EmailAddress;
  id: UserId;
  score: PositiveNumber;
};
>>>>>>>>>>> typespec >>>>>>>>>>>>>>