<<<<<<<<<<< typescript <<<<<<<<<<<<
/** @model */
enum Color {
  Red = "RED",
  Green = "GREEN",
  Blue = "BLUE"
}

/** @model */
enum Status {
  Active = 1,
  Inactive = 0,
  Pending = 2
}

/** @model */
enum Mixed {
  A = "a",
  B = 1,
  C = 2,
  D = "d"
}
===================================
// enum-types.ts
>>>>>>>>>>> typespec >>>>>>>>>>>>>>