<<<<<<<<<<< typescript <<<<<<<<<<<<
/** @model */
interface Container<T> {
  value: T;
  metadata?: Record<string, unknown>;
}

/** @model */
type StringContainer = Container<string>;
/** @model */
type NumberList = Array<number>;
/** @model */
type Dictionary = Record<string, any>;
===================================
// generic-types.ts
model StringContainer<T> {
  value: string;
  metadata?: {};
};

alias NumberList = float64[];

model Dictionary {};

model Container<T> {
  value: T;
  metadata?: {};
};
>>>>>>>>>>> typespec >>>>>>>>>>>>>>